services/db.ts(562,10): error TS2554: Expected 6 arguments, but got 5.
services/db.ts(739,8): error TS2554: Expected 6 arguments, but got 5.
services/scanner.ts(50,13): error TS2339: Property 'autocorrect' does not exist on type 'HTMLInputElement'.
utils/qrDebug.ts(68,19): error TS2322: Type 'Promise<string>' is not assignable to type 'string'.
utils/qrDebug.ts(95,21): error TS2554: Expected 6 arguments, but got 5.
utils/qrDebug.ts(108,47): error TS2554: Expected 5 arguments, but got 4.
utils/qrDebug.ts(145,5): error TS2322: Type 'Promise<string>' is not assignable to type 'string'.
utils/testQR.ts(19,22): error TS2554: Expected 5 arguments, but got 4.
views/Admin/Dashboard.tsx(742,31): error TS2362: The left-hand side of an arithmetic operation must be of type 'any', 'number', 'bigint' or an enum type.
views/Admin/Dashboard.tsx(742,38): error TS2363: The right-hand side of an arithmetic operation must be of type 'any', 'number', 'bigint' or an enum type.
views/Admin/Dashboard.tsx(882,14): error TS2304: Cannot find name 'RefreshCw'.
views/Student/PaymentView.tsx(100,26): error TS2540: Cannot assign to 'credentials' because it is a read-only property.
