
========================================
  JOE Cafeteria ÔÇö Endpoint Test Suite
========================================

­ƒôï Health Checks
  Ô£à #1 Root /health ÔÇö 200
  Ô£à #2 API /api/v1/health ÔÇö 200
  Ô£à #3 API health data.status ÔÇö OK

­ƒôï 404 Handling
  Ô£à #4 Unknown API route ÔåÆ 404 ÔÇö 404
  Ô£à #5 404 code = ROUTE_NOT_FOUND ÔÇö ROUTE_NOT_FOUND
  Ô£à #6 Unknown root route ÔåÆ 404 ÔÇö 404

­ƒôï Auth Middleware
  Ô£à #7 No token ÔåÆ 401 ÔÇö 401
  Ô£à #8 No token code = NO_TOKEN ÔÇö NO_TOKEN
  Ô£à #9 Bad token ÔåÆ 401 ÔÇö 401
  Ô£à #10 Bad token code = INVALID_TOKEN ÔÇö INVALID_TOKEN

­ƒôï Role-Based Authorization
  Ô£à #11 Cashier POST /orders ÔåÆ 403 ÔÇö 403
  Ô£à #12 403 code = FORBIDDEN ÔÇö FORBIDDEN

­ƒôï Zod Input Validation
  Ô£à #13 Empty items ÔåÆ 400 ÔÇö 400
  Ô£à #14 Validation error code ÔÇö VALIDATION_ERROR
  Ô£à #15 Invalid paymentType ÔåÆ 400 ÔÇö 400
  Ô£à #16 Zero quantity ÔåÆ 400 ÔÇö 400
  Ô£à #17 Negative quantity ÔåÆ 400 ÔÇö 400
  Ô£à #18 Non-UUID menuItemId ÔåÆ 400 ÔÇö 400
  Ô£à #19 Qty 51 ÔåÆ 400 (max 50) ÔÇö 400
  Ô£à #20 21 items ÔåÆ 400 (max 20) ÔÇö 400

­ƒôï Order Creation (valid input, empty DB)
  Ô£à #21 Valid order passes validation ÔÇö true

­ƒôï Menu API
  ÔØî #22 GET /menu ÔåÆ 200 ÔÇö expected 200, got TIMEOUT
  ÔØî #23 GET /menu returns total & items ÔÇö expected number, got undefined
  Ô£à #24 GET /menu/categories ÔåÆ 200 ÔÇö 200
  Ô£à #25 Categories is array ÔÇö true
  Ô£à #26 GET /menu/search ÔåÆ 200 ÔÇö 200

­ƒôï Status Update Authorization
  Ô£à #27 Student update status ÔåÆ 403 ÔÇö 403
  Ô£à #28 Cashier update status ÔåÆ not 403 ÔÇö true

========================================
  Results: 26 passed, 2 failed out of 28
========================================

